    1  2008-06-24 11:59:07.487397 IP (tos 0x0, ttl 255, id 9, offset 0, flags [none], proto IPv6 (41), length 120, bad cksum a751 (->21d3)!)
    82.166.250.25 > 82.166.250.26: IP6 (hlim 64, next-header ICMPv6 (58) payload length: 60) 2a1a:24f6:6f81:bbc1:524b:a6c9:bd31:8a70 > 2a1a:24f6:6f81:bbc1:524b:a6c9:bd31:8a72: [bad icmp6 cksum 0x7e8f -> 0x63ef!] ICMP6, echo request, id 6364, seq 0
    2  2008-06-24 11:59:07.495432 IP (tos 0x0, ttl 255, id 9, offset 0, flags [none], proto IPv6 (41), length 120, bad cksum a751 (->21d3)!)
    82.166.250.26 > 82.166.250.25: IP6 (hlim 64, next-header ICMPv6 (58) payload length: 60) 2a1a:24f6:6f81:bbc1:524b:a6c9:bd31:8a72 > 2a1a:24f6:6f81:bbc1:524b:a6c9:bd31:8a70: [bad icmp6 cksum 0x7d8f -> 0x62ef!] ICMP6, echo reply, id 6364, seq 0
    3  2008-06-24 11:59:07.503398 IP (tos 0x0, ttl 255, id 10, offset 0, flags [none], proto IPv6 (41), length 120, bad cksum a750 (->21d2)!)
    82.166.250.25 > 82.166.250.26: IP6 (hlim 64, next-header ICMPv6 (58) payload length: 60) 2a1a:24f6:6f81:bbc1:524b:a6c9:bd31:8a70 > 2a1a:24f6:6f81:bbc1:524b:a6c9:bd31:8a72: [bad icmp6 cksum 0x6474 -> 0x49d4!] ICMP6, echo request, id 6364, seq 1
    4  2008-06-24 11:59:07.511413 IP (tos 0x0, ttl 255, id 10, offset 0, flags [none], proto IPv6 (41), length 120, bad cksum a750 (->21d2)!)
    82.166.250.26 > 82.166.250.25: IP6 (hlim 64, next-header ICMPv6 (58) payload length: 60) 2a1a:24f6:6f81:bbc1:524b:a6c9:bd31:8a72 > 2a1a:24f6:6f81:bbc1:524b:a6c9:bd31:8a70: [bad icmp6 cksum 0x6374 -> 0x48d4!] ICMP6, echo reply, id 6364, seq 1
    5  2008-06-24 11:59:07.519400 IP (tos 0x0, ttl 255, id 11, offset 0, flags [none], proto IPv6 (41), length 120, bad cksum a74f (->21d1)!)
    82.166.250.25 > 82.166.250.26: IP6 (hlim 64, next-header ICMPv6 (58) payload length: 60) 2a1a:24f6:6f81:bbc1:524b:a6c9:bd31:8a70 > 2a1a:24f6:6f81:bbc1:524b:a6c9:bd31:8a72: [bad icmp6 cksum 0x4a59 -> 0x2fb9!] ICMP6, echo request, id 6364, seq 2
    6  2008-06-24 11:59:07.527416 IP (tos 0x0, ttl 255, id 11, offset 0, flags [none], proto IPv6 (41), length 120, bad cksum a74f (->21d1)!)
    82.166.250.26 > 82.166.250.25: IP6 (hlim 64, next-header ICMPv6 (58) payload length: 60) 2a1a:24f6:6f81:bbc1:524b:a6c9:bd31:8a72 > 2a1a:24f6:6f81:bbc1:524b:a6c9:bd31:8a70: [bad icmp6 cksum 0x4959 -> 0x2eb9!] ICMP6, echo reply, id 6364, seq 2
    7  2008-06-24 11:59:07.535400 IP (tos 0x0, ttl 255, id 12, offset 0, flags [none], proto IPv6 (41), length 120, bad cksum a74e (->21d0)!)
    82.166.250.25 > 82.166.250.26: IP6 (hlim 64, next-header ICMPv6 (58) payload length: 60) 2a1a:24f6:6f81:bbc1:524b:a6c9:bd31:8a70 > 2a1a:24f6:6f81:bbc1:524b:a6c9:bd31:8a72: [bad icmp6 cksum 0x303e -> 0x159e!] ICMP6, echo request, id 6364, seq 3
    8  2008-06-24 11:59:07.543413 IP (tos 0x0, ttl 255, id 12, offset 0, flags [none], proto IPv6 (41), length 120, bad cksum a74e (->21d0)!)
    82.166.250.26 > 82.166.250.25: IP6 (hlim 64, next-header ICMPv6 (58) payload length: 60) 2a1a:24f6:6f81:bbc1:524b:a6c9:bd31:8a72 > 2a1a:24f6:6f81:bbc1:524b:a6c9:bd31:8a70: [bad icmp6 cksum 0x2f3e -> 0x149e!] ICMP6, echo reply, id 6364, seq 3
    9  2008-06-24 11:59:07.551404 IP (tos 0x0, ttl 255, id 13, offset 0, flags [none], proto IPv6 (41), length 120, bad cksum a74d (->21cf)!)
    82.166.250.25 > 82.166.250.26: IP6 (hlim 64, next-header ICMPv6 (58) payload length: 60) 2a1a:24f6:6f81:bbc1:524b:a6c9:bd31:8a70 > 2a1a:24f6:6f81:bbc1:524b:a6c9:bd31:8a72: [bad icmp6 cksum 0x1623 -> 0xfb82!] ICMP6, echo request, id 6364, seq 4
   10  2008-06-24 11:59:07.559411 IP (tos 0x0, ttl 255, id 13, offset 0, flags [none], proto IPv6 (41), length 120, bad cksum a74d (->21cf)!)
    82.166.250.26 > 82.166.250.25: IP6 (hlim 64, next-header ICMPv6 (58) payload length: 60) 2a1a:24f6:6f81:bbc1:524b:a6c9:bd31:8a72 > 2a1a:24f6:6f81:bbc1:524b:a6c9:bd31:8a70: [bad icmp6 cksum 0x1523 -> 0xfa82!] ICMP6, echo reply, id 6364, seq 4
