    1  2015-01-25 08:21:45.190210 IP (tos 0xc0, ttl 255, id 16, offset 0, flags [none], proto GRE (47), length 136, bad cksum 9e73 (->5d04)!)
    151.54.151.128 > 151.54.151.133: GREv0, Flags [key present], key=0x2, length 116
	NHRP: reg request, id 1, hopcnt 255, src nbma 151.54.151.128, 173.157.241.161 -> 173.157.241.165 (code 0, pl 32, mtu 17912, htime 7200, pref 0)
    2  2015-01-25 08:21:45.192105 IP (tos 0xc0, ttl 255, id 16, offset 0, flags [none], proto GRE (47), length 156, bad cksum 9e5f (->5cf0)!)
    151.54.151.133 > 151.54.151.128: GREv0, Flags [key present], key=0x2, length 136
	NHRP: reg reply, id 1, hopcnt 255, src nbma 151.54.151.128, 173.157.241.161 -> 173.157.241.165 (code 0, pl 32, mtu 17912, htime 7200, pref 0)
    3  2015-01-25 08:21:46.188858 IP (tos 0xc0, ttl 255, id 17, offset 0, flags [none], proto GRE (47), length 136, bad cksum 9e72 (->5d03)!)
    151.54.151.128 > 151.54.151.133: GREv0, Flags [key present], key=0x2, length 116
	NHRP: reg request, id 2, hopcnt 255, src nbma 151.54.151.128, 173.157.241.161 -> 173.157.241.165 (code 0, pl 32, mtu 17912, htime 7200, pref 0)
    4  2015-01-25 08:21:46.189213 IP (tos 0xc0, ttl 255, id 17, offset 0, flags [none], proto GRE (47), length 156, bad cksum 9e5e (->5cef)!)
    151.54.151.133 > 151.54.151.128: GREv0, Flags [key present], key=0x2, length 136
	NHRP: reg reply, id 2, hopcnt 255, src nbma 151.54.151.128, 173.157.241.161 -> 173.157.241.165 (code 0, pl 32, mtu 17912, htime 7200, pref 0)
