    1  2024-04-21 22:58:42.342318 IP (tos 0x0, ttl 64, id 1, offset 0, flags [none], proto UDP (17), length 28)
    192.168.0.1.53 > 192.168.0.10.53: domain [length 0 < 12] (invalid)
    2  2024-04-21 22:58:42.342641 IP (tos 0x0, ttl 64, id 1, offset 0, flags [none], proto UDP (17), length 28)
    0.0.0.0.53 > 192.168.5.1.53: domain [length 0 < 12] (invalid)
