    1  2008-07-22 06:47:16.060879 IP (tos 0x0, ttl 255, id 28, offset 0, flags [none], proto GRE (47), length 124, bad cksum 3b12 (->76ba)!)
    146.77.150.79 > 146.77.137.146: GREv0, Flags [none], length 104
	IP (tos 0x0, ttl 255, id 30, offset 0, flags [none], proto ICMP (1), length 100, bad cksum 3a24 (->7f8b)!)
    196.157.89.88 > 196.157.89.92: ICMP echo request, id 6, seq 0, length 80
    2  2008-07-22 06:47:16.126680 IP (tos 0x0, ttl 254, id 19, offset 0, flags [none], proto GRE (47), length 124, bad cksum 3c1b (->77c3)!)
    146.77.137.146 > 146.77.150.79: GREv0, Flags [none], length 104
	IP (tos 0x0, ttl 254, id 30, offset 0, flags [none], proto ICMP (1), length 100, bad cksum 3b24 (->808b)!)
    196.157.89.92 > 196.157.89.88: ICMP echo reply, id 6, seq 0, length 80
    3  2008-07-22 06:47:16.133008 IP (tos 0x0, ttl 255, id 30, offset 0, flags [none], proto GRE (47), length 124, bad cksum 3b10 (->76b8)!)
    146.77.150.79 > 146.77.137.146: GREv0, Flags [none], length 104
	IP (tos 0x0, ttl 255, id 31, offset 0, flags [none], proto ICMP (1), length 100, bad cksum 3a23 (->7f8a)!)
    196.157.89.88 > 196.157.89.92: ICMP echo request, id 6, seq 1, length 80
    4  2008-07-22 06:47:16.270695 IP (tos 0x0, ttl 254, id 24, offset 0, flags [none], proto GRE (47), length 124, bad cksum 3c16 (->77be)!)
    146.77.137.146 > 146.77.150.79: GREv0, Flags [none], length 104
	IP (tos 0x0, ttl 254, id 31, offset 0, flags [none], proto ICMP (1), length 100, bad cksum 3b23 (->808a)!)
    196.157.89.92 > 196.157.89.88: ICMP echo reply, id 6, seq 1, length 80
    5  2008-07-22 06:47:16.280912 IP (tos 0x0, ttl 255, id 32, offset 0, flags [none], proto GRE (47), length 124, bad cksum 1d0e (->5017)!)
    146.77.150.79 > 146.77.176.49: GREv0, Flags [none], length 104
	IP (tos 0x0, ttl 255, id 32, offset 0, flags [none], proto ICMP (1), length 100, bad cksum 3a22 (->7f89)!)
    196.157.89.88 > 196.157.89.92: ICMP echo request, id 6, seq 2, length 80
