    1  2019-03-25 00:50:44.151140 IP6 (flowlabel 0x48245, hlim 64, next-header ICMPv6 (58) payload length: 16) 2001:db8:e9fe:a353:3570:b350:6ab3:1952 > 2001:db8:e9fd:3e1c:115d:3d56:6f04:c2a9: [bad icmp6 cksum 0x31e7 -> 0x8f58!] ICMP6, echo request, id 8641, seq 7
