    1  2008-08-25 07:34:04.488029 IP6 (class 0xe0, hlim 1, next-header Options (0) payload length: 36) 65c5:5eb8:1687:ec6c:c023:ed87:c6f9:2fe4 > 644d:8ed6:66a0:faa9:fda5:acb8:3f4c:769e: HBH (rtalert: 0x0000) (padn) [bad icmp6 cksum 0x5c13 -> 0x9755!] ICMP6, multicast listener report v2, 1 group record(s) [gaddr 644d:8ed6:66a0:faa9:fda5:acb8:3f4c:7686 to_ex, 0 source(s)]
    2  2008-08-25 07:34:04.492020 IP6 (class 0xe0, hlim 1, next-header Options (0) payload length: 36) 65c5:5eb8:1687:ec6c:c023:ed87:c6f9:2fe4 > 644d:8ed6:66a0:faa9:fda5:acb8:3f4c:769e: HBH (rtalert: 0x0000) (padn) [bad icmp6 cksum 0x5c1e -> 0xba5b!] ICMP6, multicast listener report v2, 1 group record(s) [gaddr 644d:8ed6:66a0:faa9:fda5:acb9:80c1:120a to_ex, 0 source(s)]
    3  2008-08-25 07:34:04.935945 IP6 (class 0xe0, hlim 1, next-header Options (0) payload length: 36) 65c5:5eb8:1687:ec6c:c023:ed87:c6f9:2fe4 > 644d:8ed6:66a0:faa9:fda5:acb8:3f4c:769e: HBH (rtalert: 0x0000) (padn) [bad icmp6 cksum 0x5c1e -> 0xba5b!] ICMP6, multicast listener report v2, 1 group record(s) [gaddr 644d:8ed6:66a0:faa9:fda5:acb9:80c1:120a to_ex, 0 source(s)]
    4  2008-08-25 07:34:05.191935 IP6 (class 0xe0, hlim 1, next-header Options (0) payload length: 36) 65c5:5eb8:1687:ec6c:c023:ed87:c6f9:2fe4 > 644d:8ed6:66a0:faa9:fda5:acb8:3f4c:769e: HBH (rtalert: 0x0000) (padn) [bad icmp6 cksum 0x5c13 -> 0x9755!] ICMP6, multicast listener report v2, 1 group record(s) [gaddr 644d:8ed6:66a0:faa9:fda5:acb8:3f4c:7686 to_ex, 0 source(s)]
    5  2008-08-25 07:34:39.646985 IP6 (hlim 1, next-header Options (0) payload length: 32) b391:56e1:a8c5:97ec:a187:c5d6:a623:dc09 > 644d:8ed6:66a0:faa9:fda5:acb9:8028:da48: HBH (rtalert: 0x0000) (padn) [bad icmp6 cksum 0xe7b8 -> 0x957d!] ICMP6, multicast listener reportmax resp delay: 0 addr: 644d:8ed6:66a0:faa9:fda5:acb9:8028:da48
    6  2008-08-25 07:34:40.110361 IP6 (hlim 1, next-header Options (0) payload length: 32) b391:56e1:a8c5:97ec:a187:c5d6:a623:dc09 > 644d:8ed6:66a0:faa9:fda5:acb9:8036:f6: HBH (rtalert: 0x0000) (padn) [bad icmp6 cksum 0x9026 -> 0x4807!] ICMP6, multicast listener reportmax resp delay: 0 addr: 644d:8ed6:66a0:faa9:fda5:acb9:8036:f6
    7  2008-08-25 07:34:43.629694 IP6 (hlim 1, next-header Options (0) payload length: 32) 65c5:5eb8:1687:ec6c:66fb:1864:141d:fa00 > 644d:8ed6:66a0:faa9:fda5:acb9:8036:f6: HBH (rtalert: 0x0000) (padn) [bad icmp6 cksum 0x1b24 -> 0x27c9!] ICMP6, multicast listener reportmax resp delay: 0 addr: 644d:8ed6:66a0:faa9:fda5:acb9:8036:f6
    8  2008-08-25 07:34:44.149686 IP6 (hlim 1, next-header Options (0) payload length: 32) 65c5:5eb8:1687:ec6c:66fb:1864:141d:fa00 > 644d:8ed6:66a0:faa9:fda5:acb9:8028:da48: HBH (rtalert: 0x0000) (padn) [bad icmp6 cksum 0x72b6 -> 0x753f!] ICMP6, multicast listener reportmax resp delay: 0 addr: 644d:8ed6:66a0:faa9:fda5:acb9:8028:da48
