    1  2008-06-24 11:59:07.487397 IP (tos 0x0, ttl 255, id 9, offset 0, flags [none], proto IPv6 (41), length 120, bad cksum a751 (->b229)!)
    25.195.234.211 > 25.195.234.208: IP6 (hlim 64, next-header ICMPv6 (58) payload length: 60) 78a8:5015:8ba4:4f5b:717e:303c:56df:f19e > 78a8:5015:8ba4:4f5b:717e:303c:56df:f19c: [bad icmp6 cksum 0x7e8f -> 0xbe1b!] ICMP6, echo request, id 6364, seq 0
    2  2008-06-24 11:59:07.495432 IP (tos 0x0, ttl 255, id 9, offset 0, flags [none], proto IPv6 (41), length 120, bad cksum a751 (->b229)!)
    25.195.234.208 > 25.195.234.211: IP6 (hlim 64, next-header ICMPv6 (58) payload length: 60) 78a8:5015:8ba4:4f5b:717e:303c:56df:f19c > 78a8:5015:8ba4:4f5b:717e:303c:56df:f19e: [bad icmp6 cksum 0x7d8f -> 0xbd1b!] ICMP6, echo reply, id 6364, seq 0
    3  2008-06-24 11:59:07.503398 IP (tos 0x0, ttl 255, id 10, offset 0, flags [none], proto IPv6 (41), length 120, bad cksum a750 (->b228)!)
    25.195.234.211 > 25.195.234.208: IP6 (hlim 64, next-header ICMPv6 (58) payload length: 60) 78a8:5015:8ba4:4f5b:717e:303c:56df:f19e > 78a8:5015:8ba4:4f5b:717e:303c:56df:f19c: [bad icmp6 cksum 0x6474 -> 0xa400!] ICMP6, echo request, id 6364, seq 1
    4  2008-06-24 11:59:07.511413 IP (tos 0x0, ttl 255, id 10, offset 0, flags [none], proto IPv6 (41), length 120, bad cksum a750 (->b228)!)
    25.195.234.208 > 25.195.234.211: IP6 (hlim 64, next-header ICMPv6 (58) payload length: 60) 78a8:5015:8ba4:4f5b:717e:303c:56df:f19c > 78a8:5015:8ba4:4f5b:717e:303c:56df:f19e: [bad icmp6 cksum 0x6374 -> 0xa300!] ICMP6, echo reply, id 6364, seq 1
    5  2008-06-24 11:59:07.519400 IP (tos 0x0, ttl 255, id 11, offset 0, flags [none], proto IPv6 (41), length 120, bad cksum a74f (->b227)!)
    25.195.234.211 > 25.195.234.208: IP6 (hlim 64, next-header ICMPv6 (58) payload length: 60) 78a8:5015:8ba4:4f5b:717e:303c:56df:f19e > 78a8:5015:8ba4:4f5b:717e:303c:56df:f19c: [bad icmp6 cksum 0x4a59 -> 0x89e5!] ICMP6, echo request, id 6364, seq 2
    6  2008-06-24 11:59:07.527416 IP (tos 0x0, ttl 255, id 11, offset 0, flags [none], proto IPv6 (41), length 120, bad cksum a74f (->b227)!)
    25.195.234.208 > 25.195.234.211: IP6 (hlim 64, next-header ICMPv6 (58) payload length: 60) 78a8:5015:8ba4:4f5b:717e:303c:56df:f19c > 78a8:5015:8ba4:4f5b:717e:303c:56df:f19e: [bad icmp6 cksum 0x4959 -> 0x88e5!] ICMP6, echo reply, id 6364, seq 2
    7  2008-06-24 11:59:07.535400 IP (tos 0x0, ttl 255, id 12, offset 0, flags [none], proto IPv6 (41), length 120, bad cksum a74e (->b226)!)
    25.195.234.211 > 25.195.234.208: IP6 (hlim 64, next-header ICMPv6 (58) payload length: 60) 78a8:5015:8ba4:4f5b:717e:303c:56df:f19e > 78a8:5015:8ba4:4f5b:717e:303c:56df:f19c: [bad icmp6 cksum 0x303e -> 0x6fca!] ICMP6, echo request, id 6364, seq 3
    8  2008-06-24 11:59:07.543413 IP (tos 0x0, ttl 255, id 12, offset 0, flags [none], proto IPv6 (41), length 120, bad cksum a74e (->b226)!)
    25.195.234.208 > 25.195.234.211: IP6 (hlim 64, next-header ICMPv6 (58) payload length: 60) 78a8:5015:8ba4:4f5b:717e:303c:56df:f19c > 78a8:5015:8ba4:4f5b:717e:303c:56df:f19e: [bad icmp6 cksum 0x2f3e -> 0x6eca!] ICMP6, echo reply, id 6364, seq 3
    9  2008-06-24 11:59:07.551404 IP (tos 0x0, ttl 255, id 13, offset 0, flags [none], proto IPv6 (41), length 120, bad cksum a74d (->b225)!)
    25.195.234.211 > 25.195.234.208: IP6 (hlim 64, next-header ICMPv6 (58) payload length: 60) 78a8:5015:8ba4:4f5b:717e:303c:56df:f19e > 78a8:5015:8ba4:4f5b:717e:303c:56df:f19c: [bad icmp6 cksum 0x1623 -> 0x55af!] ICMP6, echo request, id 6364, seq 4
   10  2008-06-24 11:59:07.559411 IP (tos 0x0, ttl 255, id 13, offset 0, flags [none], proto IPv6 (41), length 120, bad cksum a74d (->b225)!)
    25.195.234.208 > 25.195.234.211: IP6 (hlim 64, next-header ICMPv6 (58) payload length: 60) 78a8:5015:8ba4:4f5b:717e:303c:56df:f19c > 78a8:5015:8ba4:4f5b:717e:303c:56df:f19e: [bad icmp6 cksum 0x1523 -> 0x54af!] ICMP6, echo reply, id 6364, seq 4
