    1  2008-06-24 11:59:07.487397 IP (tos 0x0, ttl 255, id 9, offset 0, flags [none], proto IPv6 (41), length 120, bad cksum a751 (->162e)!)
    117.88.221.57 > 117.88.221.59: IP6 (hlim 64, next-header ICMPv6 (58) payload length: 60) 41f6:faaa:a686:25e6:8706:a3ae:4f63:c4aa > 41f6:faaa:a686:25e6:8706:a3ae:4f63:c4a9: [bad icmp6 cksum 0x7e8f -> 0x4a65!] ICMP6, echo request, id 6364, seq 0
    2  2008-06-24 11:59:07.495432 IP (tos 0x0, ttl 255, id 9, offset 0, flags [none], proto IPv6 (41), length 120, bad cksum a751 (->162e)!)
    117.88.221.59 > 117.88.221.57: IP6 (hlim 64, next-header ICMPv6 (58) payload length: 60) 41f6:faaa:a686:25e6:8706:a3ae:4f63:c4a9 > 41f6:faaa:a686:25e6:8706:a3ae:4f63:c4aa: [bad icmp6 cksum 0x7d8f -> 0x4965!] ICMP6, echo reply, id 6364, seq 0
    3  2008-06-24 11:59:07.503398 IP (tos 0x0, ttl 255, id 10, offset 0, flags [none], proto IPv6 (41), length 120, bad cksum a750 (->162d)!)
    117.88.221.57 > 117.88.221.59: IP6 (hlim 64, next-header ICMPv6 (58) payload length: 60) 41f6:faaa:a686:25e6:8706:a3ae:4f63:c4aa > 41f6:faaa:a686:25e6:8706:a3ae:4f63:c4a9: [bad icmp6 cksum 0x6474 -> 0x304a!] ICMP6, echo request, id 6364, seq 1
    4  2008-06-24 11:59:07.511413 IP (tos 0x0, ttl 255, id 10, offset 0, flags [none], proto IPv6 (41), length 120, bad cksum a750 (->162d)!)
    117.88.221.59 > 117.88.221.57: IP6 (hlim 64, next-header ICMPv6 (58) payload length: 60) 41f6:faaa:a686:25e6:8706:a3ae:4f63:c4a9 > 41f6:faaa:a686:25e6:8706:a3ae:4f63:c4aa: [bad icmp6 cksum 0x6374 -> 0x2f4a!] ICMP6, echo reply, id 6364, seq 1
    5  2008-06-24 11:59:07.519400 IP (tos 0x0, ttl 255, id 11, offset 0, flags [none], proto IPv6 (41), length 120, bad cksum a74f (->162c)!)
    117.88.221.57 > 117.88.221.59: IP6 (hlim 64, next-header ICMPv6 (58) payload length: 60) 41f6:faaa:a686:25e6:8706:a3ae:4f63:c4aa > 41f6:faaa:a686:25e6:8706:a3ae:4f63:c4a9: [bad icmp6 cksum 0x4a59 -> 0x162f!] ICMP6, echo request, id 6364, seq 2
    6  2008-06-24 11:59:07.527416 IP (tos 0x0, ttl 255, id 11, offset 0, flags [none], proto IPv6 (41), length 120, bad cksum a74f (->162c)!)
    117.88.221.59 > 117.88.221.57: IP6 (hlim 64, next-header ICMPv6 (58) payload length: 60) 41f6:faaa:a686:25e6:8706:a3ae:4f63:c4a9 > 41f6:faaa:a686:25e6:8706:a3ae:4f63:c4aa: [bad icmp6 cksum 0x4959 -> 0x152f!] ICMP6, echo reply, id 6364, seq 2
    7  2008-06-24 11:59:07.535400 IP (tos 0x0, ttl 255, id 12, offset 0, flags [none], proto IPv6 (41), length 120, bad cksum a74e (->162b)!)
    117.88.221.57 > 117.88.221.59: IP6 (hlim 64, next-header ICMPv6 (58) payload length: 60) 41f6:faaa:a686:25e6:8706:a3ae:4f63:c4aa > 41f6:faaa:a686:25e6:8706:a3ae:4f63:c4a9: [bad icmp6 cksum 0x303e -> 0xfc13!] ICMP6, echo request, id 6364, seq 3
    8  2008-06-24 11:59:07.543413 IP (tos 0x0, ttl 255, id 12, offset 0, flags [none], proto IPv6 (41), length 120, bad cksum a74e (->162b)!)
    117.88.221.59 > 117.88.221.57: IP6 (hlim 64, next-header ICMPv6 (58) payload length: 60) 41f6:faaa:a686:25e6:8706:a3ae:4f63:c4a9 > 41f6:faaa:a686:25e6:8706:a3ae:4f63:c4aa: [bad icmp6 cksum 0x2f3e -> 0xfb13!] ICMP6, echo reply, id 6364, seq 3
    9  2008-06-24 11:59:07.551404 IP (tos 0x0, ttl 255, id 13, offset 0, flags [none], proto IPv6 (41), length 120, bad cksum a74d (->162a)!)
    117.88.221.57 > 117.88.221.59: IP6 (hlim 64, next-header ICMPv6 (58) payload length: 60) 41f6:faaa:a686:25e6:8706:a3ae:4f63:c4aa > 41f6:faaa:a686:25e6:8706:a3ae:4f63:c4a9: [bad icmp6 cksum 0x1623 -> 0xe1f8!] ICMP6, echo request, id 6364, seq 4
   10  2008-06-24 11:59:07.559411 IP (tos 0x0, ttl 255, id 13, offset 0, flags [none], proto IPv6 (41), length 120, bad cksum a74d (->162a)!)
    117.88.221.59 > 117.88.221.57: IP6 (hlim 64, next-header ICMPv6 (58) payload length: 60) 41f6:faaa:a686:25e6:8706:a3ae:4f63:c4a9 > 41f6:faaa:a686:25e6:8706:a3ae:4f63:c4aa: [bad icmp6 cksum 0x1523 -> 0xe0f8!] ICMP6, echo reply, id 6364, seq 4
