    1  2008-08-25 07:34:04.488029 IP6 (class 0xe0, hlim 1, next-header Options (0) payload length: 36) fe80::c000:54ff:fef5:0 > ff02::16: HBH (rtalert: 0x0000) (padn) [icmp6 sum ok] ICMP6, multicast listener report v2, 1 group record(s) [gaddr ff02::2 to_ex, 0 source(s)]
    2  2008-08-25 07:34:04.492020 IP6 (class 0xe0, hlim 1, next-header Options (0) payload length: 36) fe80::c000:54ff:fef5:0 > ff02::16: HBH (rtalert: 0x0000) (padn) [icmp6 sum ok] ICMP6, multicast listener report v2, 1 group record(s) [gaddr ff02::1:fff5:0 to_ex, 0 source(s)]
    3  2008-08-25 07:34:04.935945 IP6 (class 0xe0, hlim 1, next-header Options (0) payload length: 36) fe80::c000:54ff:fef5:0 > ff02::16: HBH (rtalert: 0x0000) (padn) [icmp6 sum ok] ICMP6, multicast listener report v2, 1 group record(s) [gaddr ff02::1:fff5:0 to_ex, 0 source(s)]
    4  2008-08-25 07:34:05.191935 IP6 (class 0xe0, hlim 1, next-header Options (0) payload length: 36) fe80::c000:54ff:fef5:0 > ff02::16: HBH (rtalert: 0x0000) (padn) [icmp6 sum ok] ICMP6, multicast listener report v2, 1 group record(s) [gaddr ff02::2 to_ex, 0 source(s)]
    5  2008-08-25 07:34:39.646985 IP6 (hlim 1, next-header Options (0) payload length: 32) :: > ff02::1:ff0e:4c67: HBH (rtalert: 0x0000) (padn) [icmp6 sum ok] ICMP6, multicast listener reportmax resp delay: 0 addr: ff02::1:ff0e:4c67
    6  2008-08-25 07:34:40.110361 IP6 (hlim 1, next-header Options (0) payload length: 32) :: > ff02::1:ff10:782e: HBH (rtalert: 0x0000) (padn) [icmp6 sum ok] ICMP6, multicast listener reportmax resp delay: 0 addr: ff02::1:ff10:782e
    7  2008-08-25 07:34:43.629694 IP6 (hlim 1, next-header Options (0) payload length: 32) fe80::20c:29ff:fe0e:4c67 > ff02::1:ff10:782e: HBH (rtalert: 0x0000) (padn) [icmp6 sum ok] ICMP6, multicast listener reportmax resp delay: 0 addr: ff02::1:ff10:782e
    8  2008-08-25 07:34:44.149686 IP6 (hlim 1, next-header Options (0) payload length: 32) fe80::20c:29ff:fe0e:4c67 > ff02::1:ff0e:4c67: HBH (rtalert: 0x0000) (padn) [icmp6 sum ok] ICMP6, multicast listener reportmax resp delay: 0 addr: ff02::1:ff0e:4c67
