    1  2019-03-25 00:50:44.151140 IP6 (flowlabel 0x48245, hlim 64, next-header ICMPv6 (58) payload length: 16) 2001:db8:1::1 > 2001:db8:2::2: [icmp6 sum ok] ICMP6, echo request, id 8641, seq 7
