    1  2008-06-24 11:59:07.487397 IP (tos 0x0, ttl 255, id 9, offset 0, flags [none], proto IPv6 (41), length 120, bad cksum a751 (->adc0)!)
    116.52.146.148 > 116.52.146.150: IP6 (hlim 64, next-header ICMPv6 (58) payload length: 60) 8f1b:a41b:e9ff:18a5:7ecc:245f:40e6:96ea > 8f1b:a41b:e9ff:18a5:7ecc:245f:40e6:96e9: [bad icmp6 cksum 0x7e8f -> 0x7856!] ICMP6, echo request, id 6364, seq 0
    2  2008-06-24 11:59:07.495432 IP (tos 0x0, ttl 255, id 9, offset 0, flags [none], proto IPv6 (41), length 120, bad cksum a751 (->adc0)!)
    116.52.146.150 > 116.52.146.148: IP6 (hlim 64, next-header ICMPv6 (58) payload length: 60) 8f1b:a41b:e9ff:18a5:7ecc:245f:40e6:96e9 > 8f1b:a41b:e9ff:18a5:7ecc:245f:40e6:96ea: [bad icmp6 cksum 0x7d8f -> 0x7756!] ICMP6, echo reply, id 6364, seq 0
    3  2008-06-24 11:59:07.503398 IP (tos 0x0, ttl 255, id 10, offset 0, flags [none], proto IPv6 (41), length 120, bad cksum a750 (->adbf)!)
    116.52.146.148 > 116.52.146.150: IP6 (hlim 64, next-header ICMPv6 (58) payload length: 60) 8f1b:a41b:e9ff:18a5:7ecc:245f:40e6:96ea > 8f1b:a41b:e9ff:18a5:7ecc:245f:40e6:96e9: [bad icmp6 cksum 0x6474 -> 0x5e3b!] ICMP6, echo request, id 6364, seq 1
    4  2008-06-24 11:59:07.511413 IP (tos 0x0, ttl 255, id 10, offset 0, flags [none], proto IPv6 (41), length 120, bad cksum a750 (->adbf)!)
    116.52.146.150 > 116.52.146.148: IP6 (hlim 64, next-header ICMPv6 (58) payload length: 60) 8f1b:a41b:e9ff:18a5:7ecc:245f:40e6:96e9 > 8f1b:a41b:e9ff:18a5:7ecc:245f:40e6:96ea: [bad icmp6 cksum 0x6374 -> 0x5d3b!] ICMP6, echo reply, id 6364, seq 1
    5  2008-06-24 11:59:07.519400 IP (tos 0x0, ttl 255, id 11, offset 0, flags [none], proto IPv6 (41), length 120, bad cksum a74f (->adbe)!)
    116.52.146.148 > 116.52.146.150: IP6 (hlim 64, next-header ICMPv6 (58) payload length: 60) 8f1b:a41b:e9ff:18a5:7ecc:245f:40e6:96ea > 8f1b:a41b:e9ff:18a5:7ecc:245f:40e6:96e9: [bad icmp6 cksum 0x4a59 -> 0x4420!] ICMP6, echo request, id 6364, seq 2
    6  2008-06-24 11:59:07.527416 IP (tos 0x0, ttl 255, id 11, offset 0, flags [none], proto IPv6 (41), length 120, bad cksum a74f (->adbe)!)
    116.52.146.150 > 116.52.146.148: IP6 (hlim 64, next-header ICMPv6 (58) payload length: 60) 8f1b:a41b:e9ff:18a5:7ecc:245f:40e6:96e9 > 8f1b:a41b:e9ff:18a5:7ecc:245f:40e6:96ea: [bad icmp6 cksum 0x4959 -> 0x4320!] ICMP6, echo reply, id 6364, seq 2
    7  2008-06-24 11:59:07.535400 IP (tos 0x0, ttl 255, id 12, offset 0, flags [none], proto IPv6 (41), length 120, bad cksum a74e (->adbd)!)
    116.52.146.148 > 116.52.146.150: IP6 (hlim 64, next-header ICMPv6 (58) payload length: 60) 8f1b:a41b:e9ff:18a5:7ecc:245f:40e6:96ea > 8f1b:a41b:e9ff:18a5:7ecc:245f:40e6:96e9: [bad icmp6 cksum 0x303e -> 0x2a05!] ICMP6, echo request, id 6364, seq 3
    8  2008-06-24 11:59:07.543413 IP (tos 0x0, ttl 255, id 12, offset 0, flags [none], proto IPv6 (41), length 120, bad cksum a74e (->adbd)!)
    116.52.146.150 > 116.52.146.148: IP6 (hlim 64, next-header ICMPv6 (58) payload length: 60) 8f1b:a41b:e9ff:18a5:7ecc:245f:40e6:96e9 > 8f1b:a41b:e9ff:18a5:7ecc:245f:40e6:96ea: [bad icmp6 cksum 0x2f3e -> 0x2905!] ICMP6, echo reply, id 6364, seq 3
    9  2008-06-24 11:59:07.551404 IP (tos 0x0, ttl 255, id 13, offset 0, flags [none], proto IPv6 (41), length 120, bad cksum a74d (->adbc)!)
    116.52.146.148 > 116.52.146.150: IP6 (hlim 64, next-header ICMPv6 (58) payload length: 60) 8f1b:a41b:e9ff:18a5:7ecc:245f:40e6:96ea > 8f1b:a41b:e9ff:18a5:7ecc:245f:40e6:96e9: [bad icmp6 cksum 0x1623 -> 0x0fea!] ICMP6, echo request, id 6364, seq 4
   10  2008-06-24 11:59:07.559411 IP (tos 0x0, ttl 255, id 13, offset 0, flags [none], proto IPv6 (41), length 120, bad cksum a74d (->adbc)!)
    116.52.146.150 > 116.52.146.148: IP6 (hlim 64, next-header ICMPv6 (58) payload length: 60) 8f1b:a41b:e9ff:18a5:7ecc:245f:40e6:96e9 > 8f1b:a41b:e9ff:18a5:7ecc:245f:40e6:96ea: [bad icmp6 cksum 0x1523 -> 0x0eea!] ICMP6, echo reply, id 6364, seq 4
